[INFO] Scanning for projects...
[INFO] 
[INFO] --------------------< com.express.inventory:server >--------------------
[INFO] Building server 0.0.1-SNAPSHOT
[INFO]   from pom.xml
[INFO] --------------------------------[ jar ]---------------------------------
[INFO] 
[INFO] --- resources:3.3.1:resources (default-resources) @ server ---
[INFO] Copying 1 resource from src\main\resources to target\classes
[INFO] Copying 0 resource from src\main\resources to target\classes
[INFO] 
[INFO] --- compiler:3.13.0:compile (default-compile) @ server ---
[INFO] Recompiling the module because of changed source code.
[INFO] Compiling 22 source files with javac [debug parameters release 17] to target\classes
[INFO] -------------------------------------------------------------
[ERROR] COMPILATION ERROR : 
[INFO] -------------------------------------------------------------
[ERROR] /C:/Users/kings/Documents/ExpressInventorySystem/Express-Inventory-System/server/src/main/java/com/express/inventory/api/purchases/PurchaseController.java:[14,35] variable purchaseService not initialized in the default constructor
[ERROR] /C:/Users/kings/Documents/ExpressInventorySystem/Express-Inventory-System/server/src/main/java/com/express/inventory/api/purchases/PurchaseService.java:[28,21] cannot find symbol
  symbol:   method getQuantity()
  location: variable purchase of type com.express.inventory.api.purchases.PurchaseEntity
[ERROR] /C:/Users/kings/Documents/ExpressInventorySystem/Express-Inventory-System/server/src/main/java/com/express/inventory/api/purchases/PurchaseService.java:[28,55] cannot find symbol
  symbol:   method getQuantity()
  location: variable purchase of type com.express.inventory.api.purchases.PurchaseEntity
[ERROR] /C:/Users/kings/Documents/ExpressInventorySystem/Express-Inventory-System/server/src/main/java/com/express/inventory/services/ProductService.java:[30,46] cannot find symbol
  symbol:   method builder()
  location: class com.express.inventory.models.ProductEntity
[ERROR] /C:/Users/kings/Documents/ExpressInventorySystem/Express-Inventory-System/server/src/main/java/com/express/inventory/services/ProductService.java:[98,40] cannot find symbol
  symbol:   method getStock()
  location: variable product of type com.express.inventory.models.ProductEntity
[ERROR] /C:/Users/kings/Documents/ExpressInventorySystem/Express-Inventory-System/server/src/main/java/com/express/inventory/services/ProductService.java:[99,52] cannot find symbol
  symbol:   method getLowStockThreshold()
  location: variable product of type com.express.inventory.models.ProductEntity
[INFO] 6 errors 
[INFO] -------------------------------------------------------------
[INFO] ------------------------------------------------------------------------
[INFO] BUILD FAILURE
[INFO] ------------------------------------------------------------------------
[INFO] Total time:  2.770 s
[INFO] Finished at: 2026-03-27T22:21:30-05:00
[INFO] ------------------------------------------------------------------------
[ERROR] Failed to execute goal org.apache.maven.plugins:maven-compiler-plugin:3.13.0:compile (default-compile) on project server: Compilation failure: Compilation failure: 
[ERROR] /C:/Users/kings/Documents/ExpressInventorySystem/Express-Inventory-System/server/src/main/java/com/express/inventory/api/purchases/PurchaseController.java:[14,35] variable purchaseService not initialized in the default constructor
[ERROR] /C:/Users/kings/Documents/ExpressInventorySystem/Express-Inventory-System/server/src/main/java/com/express/inventory/api/purchases/PurchaseService.java:[28,21] cannot find symbol
[ERROR]   symbol:   method getQuantity()
[ERROR]   location: variable purchase of type com.express.inventory.api.purchases.PurchaseEntity
[ERROR] /C:/Users/kings/Documents/ExpressInventorySystem/Express-Inventory-System/server/src/main/java/com/express/inventory/api/purchases/PurchaseService.java:[28,55] cannot find symbol
[ERROR]   symbol:   method getQuantity()
[ERROR]   location: variable purchase of type com.express.inventory.api.purchases.PurchaseEntity
[ERROR] /C:/Users/kings/Documents/ExpressInventorySystem/Express-Inventory-System/server/src/main/java/com/express/inventory/services/ProductService.java:[30,46] cannot find symbol
[ERROR]   symbol:   method builder()
[ERROR]   location: class com.express.inventory.models.ProductEntity
[ERROR] /C:/Users/kings/Documents/ExpressInventorySystem/Express-Inventory-System/server/src/main/java/com/express/inventory/services/ProductService.java:[98,40] cannot find symbol
[ERROR]   symbol:   method getStock()
[ERROR]   location: variable product of type com.express.inventory.models.ProductEntity
[ERROR] /C:/Users/kings/Documents/ExpressInventorySystem/Express-Inventory-System/server/src/main/java/com/express/inventory/services/ProductService.java:[99,52] cannot find symbol
[ERROR]   symbol:   method getLowStockThreshold()
[ERROR]   location: variable product of type com.express.inventory.models.ProductEntity
[ERROR] -> [Help 1]
[ERROR] 
[ERROR] To see the full stack trace of the errors, re-run Maven with the -e switch.
[ERROR] Re-run Maven using the -X switch to enable full debug logging.
[ERROR] 
[ERROR] For more information about the errors and possible solutions, please read the following articles:
[ERROR] [Help 1] http://cwiki.apache.org/confluence/display/MAVEN/MojoFailureException
